mode: set
coding-test-11-01-2025-dating-app/cmd/main.go:16.13,25.2 5 0
coding-test-11-01-2025-dating-app/cmd/main.go:27.31,37.16 3 0
coding-test-11-01-2025-dating-app/cmd/main.go:37.16,39.3 1 0
coding-test-11-01-2025-dating-app/cmd/main.go:40.2,40.11 1 0
coding-test-11-01-2025-dating-app/cmd/main.go:43.55,62.2 9 0
coding-test-11-01-2025-dating-app/internal/middleware/auth.go:13.39,14.30 1 0
coding-test-11-01-2025-dating-app/internal/middleware/auth.go:14.30,17.23 2 0
coding-test-11-01-2025-dating-app/internal/middleware/auth.go:17.23,21.4 3 0
coding-test-11-01-2025-dating-app/internal/middleware/auth.go:24.3,25.58 2 0
coding-test-11-01-2025-dating-app/internal/middleware/auth.go:25.58,29.4 3 0
coding-test-11-01-2025-dating-app/internal/middleware/auth.go:31.3,34.84 2 0
coding-test-11-01-2025-dating-app/internal/middleware/auth.go:34.84,36.59 1 0
coding-test-11-01-2025-dating-app/internal/middleware/auth.go:36.59,38.5 1 0
coding-test-11-01-2025-dating-app/internal/middleware/auth.go:40.4,40.47 1 0
coding-test-11-01-2025-dating-app/internal/middleware/auth.go:43.3,43.17 1 0
coding-test-11-01-2025-dating-app/internal/middleware/auth.go:43.17,47.4 3 0
coding-test-11-01-2025-dating-app/internal/middleware/auth.go:50.3,50.68 1 0
coding-test-11-01-2025-dating-app/internal/middleware/auth.go:50.68,55.4 3 0
coding-test-11-01-2025-dating-app/internal/middleware/auth.go:55.9,59.4 3 0
coding-test-11-01-2025-dating-app/internal/repository/implementation.go:11.93,13.2 1 0
coding-test-11-01-2025-dating-app/internal/repository/implementation.go:15.107,20.16 3 0
coding-test-11-01-2025-dating-app/internal/repository/implementation.go:20.16,22.3 1 0
coding-test-11-01-2025-dating-app/internal/repository/implementation.go:23.2,23.18 1 0
coding-test-11-01-2025-dating-app/internal/repository/implementation.go:26.84,33.2 3 0
coding-test-11-01-2025-dating-app/internal/repository/implementation.go:36.76,40.2 1 0
coding-test-11-01-2025-dating-app/internal/repository/implementation.go:42.81,45.2 1 0
coding-test-11-01-2025-dating-app/internal/repository/implementation.go:47.88,55.49 4 0
coding-test-11-01-2025-dating-app/internal/repository/implementation.go:55.49,57.3 1 0
coding-test-11-01-2025-dating-app/internal/repository/implementation.go:59.2,59.24 1 0
coding-test-11-01-2025-dating-app/internal/repository/implementation.go:63.92,71.2 3 0
coding-test-11-01-2025-dating-app/internal/repository/implementation.go:73.78,75.2 1 0
coding-test-11-01-2025-dating-app/internal/repository/implementation.go:77.99,79.80 2 0
coding-test-11-01-2025-dating-app/internal/repository/implementation.go:79.80,81.3 1 0
coding-test-11-01-2025-dating-app/internal/repository/implementation.go:82.2,82.19 1 0
coding-test-11-01-2025-dating-app/internal/repository/implementation.go:85.84,87.68 2 0
coding-test-11-01-2025-dating-app/internal/repository/implementation.go:87.68,89.3 1 0
coding-test-11-01-2025-dating-app/internal/repository/implementation.go:90.2,90.19 1 0
coding-test-11-01-2025-dating-app/internal/repository/implementation.go:93.74,95.2 1 0
coding-test-11-01-2025-dating-app/internal/repository/implementation.go:97.87,99.2 1 0
coding-test-11-01-2025-dating-app/internal/repository/implementation.go:101.104,111.2 3 0
coding-test-11-01-2025-dating-app/internal/repository/interfaces.mock.gen.go:33.83,37.2 3 0
coding-test-11-01-2025-dating-app/internal/repository/interfaces.mock.gen.go:40.81,42.2 1 0
coding-test-11-01-2025-dating-app/internal/repository/interfaces.mock.gen.go:45.105,51.2 5 0
coding-test-11-01-2025-dating-app/internal/repository/interfaces.mock.gen.go:54.100,57.2 2 0
coding-test-11-01-2025-dating-app/internal/repository/interfaces.mock.gen.go:60.100,65.2 4 0
coding-test-11-01-2025-dating-app/internal/repository/interfaces.mock.gen.go:68.93,71.2 2 0
coding-test-11-01-2025-dating-app/internal/repository/interfaces.mock.gen.go:74.106,79.2 4 0
coding-test-11-01-2025-dating-app/internal/repository/interfaces.mock.gen.go:82.94,85.2 2 0
coding-test-11-01-2025-dating-app/internal/repository/interfaces.mock.gen.go:88.94,93.2 4 0
coding-test-11-01-2025-dating-app/internal/repository/interfaces.mock.gen.go:96.89,99.2 2 0
coding-test-11-01-2025-dating-app/internal/repository/interfaces.mock.gen.go:102.91,107.2 4 0
coding-test-11-01-2025-dating-app/internal/repository/interfaces.mock.gen.go:110.87,113.2 2 0
coding-test-11-01-2025-dating-app/internal/repository/interfaces.mock.gen.go:116.87,121.2 4 0
coding-test-11-01-2025-dating-app/internal/repository/interfaces.mock.gen.go:124.83,127.2 2 0
coding-test-11-01-2025-dating-app/internal/repository/interfaces.mock.gen.go:130.120,136.2 5 0
coding-test-11-01-2025-dating-app/internal/repository/interfaces.mock.gen.go:139.100,142.2 2 0
coding-test-11-01-2025-dating-app/internal/repository/interfaces.mock.gen.go:145.101,151.2 5 0
coding-test-11-01-2025-dating-app/internal/repository/interfaces.mock.gen.go:154.97,157.2 2 0
coding-test-11-01-2025-dating-app/internal/repository/interfaces.mock.gen.go:160.117,166.2 5 0
coding-test-11-01-2025-dating-app/internal/repository/interfaces.mock.gen.go:169.97,172.2 2 0
coding-test-11-01-2025-dating-app/internal/repository/interfaces.mock.gen.go:175.97,181.2 5 0
coding-test-11-01-2025-dating-app/internal/repository/interfaces.mock.gen.go:184.86,187.2 2 0
coding-test-11-01-2025-dating-app/internal/repository/interfaces.mock.gen.go:190.112,196.2 5 0
coding-test-11-01-2025-dating-app/internal/repository/interfaces.mock.gen.go:199.98,202.2 2 0
coding-test-11-01-2025-dating-app/internal/repository/interfaces.mock.gen.go:205.97,211.2 5 0
coding-test-11-01-2025-dating-app/internal/repository/interfaces.mock.gen.go:214.92,217.2 2 0
coding-test-11-01-2025-dating-app/internal/repository/interfaces.mock.gen.go:220.89,225.2 4 0
coding-test-11-01-2025-dating-app/internal/repository/interfaces.mock.gen.go:228.92,231.2 2 0
coding-test-11-01-2025-dating-app/internal/repository/profile.go:17.59,19.2 1 0
coding-test-11-01-2025-dating-app/internal/repository/profile.go:21.73,23.2 1 0
coding-test-11-01-2025-dating-app/internal/repository/profile.go:25.90,35.2 3 0
coding-test-11-01-2025-dating-app/internal/repository/repository.go:11.45,13.2 1 0
coding-test-11-01-2025-dating-app/internal/handler/auth.go:20.43,23.47 3 1
coding-test-11-01-2025-dating-app/internal/handler/auth.go:23.47,26.3 2 1
coding-test-11-01-2025-dating-app/internal/handler/auth.go:28.2,29.16 2 1
coding-test-11-01-2025-dating-app/internal/handler/auth.go:29.16,32.3 2 0
coding-test-11-01-2025-dating-app/internal/handler/auth.go:34.2,39.59 2 1
coding-test-11-01-2025-dating-app/internal/handler/auth.go:39.59,42.3 2 1
coding-test-11-01-2025-dating-app/internal/handler/auth.go:44.2,44.78 1 1
coding-test-11-01-2025-dating-app/internal/handler/auth.go:47.40,50.47 3 1
coding-test-11-01-2025-dating-app/internal/handler/auth.go:50.47,53.3 2 1
coding-test-11-01-2025-dating-app/internal/handler/auth.go:55.2,56.16 2 1
coding-test-11-01-2025-dating-app/internal/handler/auth.go:56.16,59.3 2 1
coding-test-11-01-2025-dating-app/internal/handler/auth.go:61.2,61.99 1 1
coding-test-11-01-2025-dating-app/internal/handler/auth.go:61.99,64.3 2 1
coding-test-11-01-2025-dating-app/internal/handler/auth.go:67.2,73.16 3 1
coding-test-11-01-2025-dating-app/internal/handler/auth.go:73.16,76.3 2 0
coding-test-11-01-2025-dating-app/internal/handler/auth.go:78.2,78.52 1 1
coding-test-11-01-2025-dating-app/internal/handler/profile.go:17.53,22.16 4 0
coding-test-11-01-2025-dating-app/internal/handler/profile.go:22.16,25.3 2 0
coding-test-11-01-2025-dating-app/internal/handler/profile.go:27.2,28.16 2 0
coding-test-11-01-2025-dating-app/internal/handler/profile.go:28.16,31.3 2 0
coding-test-11-01-2025-dating-app/internal/handler/profile.go:33.2,33.31 1 0
coding-test-11-01-2025-dating-app/internal/handler/profile.go:33.31,36.3 2 0
coding-test-11-01-2025-dating-app/internal/handler/profile.go:39.2,40.16 2 0
coding-test-11-01-2025-dating-app/internal/handler/profile.go:40.16,43.3 2 0
coding-test-11-01-2025-dating-app/internal/handler/profile.go:46.2,46.16 1 0
coding-test-11-01-2025-dating-app/internal/handler/profile.go:46.16,50.17 2 0
coding-test-11-01-2025-dating-app/internal/handler/profile.go:50.17,53.4 2 0
coding-test-11-01-2025-dating-app/internal/handler/profile.go:55.3,55.18 1 0
coding-test-11-01-2025-dating-app/internal/handler/profile.go:55.18,58.4 2 0
coding-test-11-01-2025-dating-app/internal/handler/profile.go:62.2,63.16 2 0
coding-test-11-01-2025-dating-app/internal/handler/profile.go:63.16,66.3 2 0
coding-test-11-01-2025-dating-app/internal/handler/profile.go:68.2,68.33 1 0
coding-test-11-01-2025-dating-app/internal/handler/profile.go:71.40,77.16 4 1
coding-test-11-01-2025-dating-app/internal/handler/profile.go:77.16,80.3 2 1
coding-test-11-01-2025-dating-app/internal/handler/profile.go:82.2,83.47 2 1
coding-test-11-01-2025-dating-app/internal/handler/profile.go:83.47,86.3 2 0
coding-test-11-01-2025-dating-app/internal/handler/profile.go:89.2,90.16 2 1
coding-test-11-01-2025-dating-app/internal/handler/profile.go:90.16,93.3 2 1
coding-test-11-01-2025-dating-app/internal/handler/profile.go:96.2,96.16 1 1
coding-test-11-01-2025-dating-app/internal/handler/profile.go:96.16,98.17 2 1
coding-test-11-01-2025-dating-app/internal/handler/profile.go:98.17,101.4 2 0
coding-test-11-01-2025-dating-app/internal/handler/profile.go:103.3,103.18 1 1
coding-test-11-01-2025-dating-app/internal/handler/profile.go:103.18,109.4 2 1
coding-test-11-01-2025-dating-app/internal/handler/profile.go:113.2,120.16 3 1
coding-test-11-01-2025-dating-app/internal/handler/profile.go:120.16,123.3 2 0
coding-test-11-01-2025-dating-app/internal/handler/profile.go:125.2,125.61 1 1
coding-test-11-01-2025-dating-app/internal/handler/profile.go:125.61,128.3 2 0
coding-test-11-01-2025-dating-app/internal/handler/profile.go:131.2,131.16 1 1
coding-test-11-01-2025-dating-app/internal/handler/profile.go:131.16,133.17 2 1
coding-test-11-01-2025-dating-app/internal/handler/profile.go:133.17,136.4 2 0
coding-test-11-01-2025-dating-app/internal/handler/profile.go:138.3,138.14 1 1
coding-test-11-01-2025-dating-app/internal/handler/profile.go:138.14,144.4 2 1
coding-test-11-01-2025-dating-app/internal/handler/profile.go:147.2,150.4 1 1
coding-test-11-01-2025-dating-app/internal/handler/server.go:15.47,16.28 1 1
coding-test-11-01-2025-dating-app/internal/handler/server.go:16.28,17.36 1 0
coding-test-11-01-2025-dating-app/internal/handler/server.go:20.2,22.3 1 1
coding-test-11-01-2025-dating-app/internal/handler/subscription.go:13.50,26.92 3 0
coding-test-11-01-2025-dating-app/internal/handler/subscription.go:26.92,29.3 2 0
coding-test-11-01-2025-dating-app/internal/handler/subscription.go:31.2,34.4 1 0
coding-test-11-01-2025-dating-app/internal/handler/subscription.go:38.56,42.16 3 0
coding-test-11-01-2025-dating-app/internal/handler/subscription.go:42.16,45.3 2 0
coding-test-11-01-2025-dating-app/internal/handler/subscription.go:47.2,47.37 1 0
coding-test-11-01-2025-dating-app/internal/handler/subscription.go:52.48,57.47 2 0
coding-test-11-01-2025-dating-app/internal/handler/subscription.go:57.47,60.3 2 0
coding-test-11-01-2025-dating-app/internal/handler/subscription.go:63.2,70.92 2 0
coding-test-11-01-2025-dating-app/internal/handler/subscription.go:70.92,73.3 2 0
coding-test-11-01-2025-dating-app/internal/handler/subscription.go:75.2,75.85 1 0
coding-test-11-01-2025-dating-app/internal/handler/subscription.go:75.85,78.3 2 0
coding-test-11-01-2025-dating-app/internal/handler/subscription.go:80.2,80.74 1 0
coding-test-11-01-2025-dating-app/internal/repository/implementation.go:11.93,13.2 1 0
coding-test-11-01-2025-dating-app/internal/repository/implementation.go:15.107,20.16 3 0
coding-test-11-01-2025-dating-app/internal/repository/implementation.go:20.16,22.3 1 0
coding-test-11-01-2025-dating-app/internal/repository/implementation.go:23.2,23.18 1 0
coding-test-11-01-2025-dating-app/internal/repository/implementation.go:26.84,33.2 3 0
coding-test-11-01-2025-dating-app/internal/repository/implementation.go:36.76,40.2 1 0
coding-test-11-01-2025-dating-app/internal/repository/implementation.go:42.81,45.2 1 0
coding-test-11-01-2025-dating-app/internal/repository/implementation.go:47.88,55.49 4 0
coding-test-11-01-2025-dating-app/internal/repository/implementation.go:55.49,57.3 1 0
coding-test-11-01-2025-dating-app/internal/repository/implementation.go:59.2,59.24 1 0
coding-test-11-01-2025-dating-app/internal/repository/implementation.go:63.92,71.2 3 0
coding-test-11-01-2025-dating-app/internal/repository/implementation.go:73.78,75.2 1 0
coding-test-11-01-2025-dating-app/internal/repository/implementation.go:77.99,79.80 2 0
coding-test-11-01-2025-dating-app/internal/repository/implementation.go:79.80,81.3 1 0
coding-test-11-01-2025-dating-app/internal/repository/implementation.go:82.2,82.19 1 0
coding-test-11-01-2025-dating-app/internal/repository/implementation.go:85.84,87.68 2 0
coding-test-11-01-2025-dating-app/internal/repository/implementation.go:87.68,89.3 1 0
coding-test-11-01-2025-dating-app/internal/repository/implementation.go:90.2,90.19 1 0
coding-test-11-01-2025-dating-app/internal/repository/implementation.go:93.74,95.2 1 0
coding-test-11-01-2025-dating-app/internal/repository/implementation.go:97.87,99.2 1 0
coding-test-11-01-2025-dating-app/internal/repository/implementation.go:101.104,111.2 3 0
coding-test-11-01-2025-dating-app/internal/repository/interfaces.mock.gen.go:33.83,37.2 3 1
coding-test-11-01-2025-dating-app/internal/repository/interfaces.mock.gen.go:40.81,42.2 1 1
coding-test-11-01-2025-dating-app/internal/repository/interfaces.mock.gen.go:45.105,51.2 5 1
coding-test-11-01-2025-dating-app/internal/repository/interfaces.mock.gen.go:54.100,57.2 2 1
coding-test-11-01-2025-dating-app/internal/repository/interfaces.mock.gen.go:60.100,65.2 4 0
coding-test-11-01-2025-dating-app/internal/repository/interfaces.mock.gen.go:68.93,71.2 2 0
coding-test-11-01-2025-dating-app/internal/repository/interfaces.mock.gen.go:74.106,79.2 4 0
coding-test-11-01-2025-dating-app/internal/repository/interfaces.mock.gen.go:82.94,85.2 2 0
coding-test-11-01-2025-dating-app/internal/repository/interfaces.mock.gen.go:88.94,93.2 4 1
coding-test-11-01-2025-dating-app/internal/repository/interfaces.mock.gen.go:96.89,99.2 2 1
coding-test-11-01-2025-dating-app/internal/repository/interfaces.mock.gen.go:102.91,107.2 4 1
coding-test-11-01-2025-dating-app/internal/repository/interfaces.mock.gen.go:110.87,113.2 2 1
coding-test-11-01-2025-dating-app/internal/repository/interfaces.mock.gen.go:116.87,121.2 4 0
coding-test-11-01-2025-dating-app/internal/repository/interfaces.mock.gen.go:124.83,127.2 2 0
coding-test-11-01-2025-dating-app/internal/repository/interfaces.mock.gen.go:130.120,136.2 5 0
coding-test-11-01-2025-dating-app/internal/repository/interfaces.mock.gen.go:139.100,142.2 2 0
coding-test-11-01-2025-dating-app/internal/repository/interfaces.mock.gen.go:145.101,151.2 5 1
coding-test-11-01-2025-dating-app/internal/repository/interfaces.mock.gen.go:154.97,157.2 2 1
coding-test-11-01-2025-dating-app/internal/repository/interfaces.mock.gen.go:160.117,166.2 5 0
coding-test-11-01-2025-dating-app/internal/repository/interfaces.mock.gen.go:169.97,172.2 2 0
coding-test-11-01-2025-dating-app/internal/repository/interfaces.mock.gen.go:175.97,181.2 5 1
coding-test-11-01-2025-dating-app/internal/repository/interfaces.mock.gen.go:184.86,187.2 2 1
coding-test-11-01-2025-dating-app/internal/repository/interfaces.mock.gen.go:190.112,196.2 5 1
coding-test-11-01-2025-dating-app/internal/repository/interfaces.mock.gen.go:199.98,202.2 2 1
coding-test-11-01-2025-dating-app/internal/repository/interfaces.mock.gen.go:205.97,211.2 5 1
coding-test-11-01-2025-dating-app/internal/repository/interfaces.mock.gen.go:214.92,217.2 2 1
coding-test-11-01-2025-dating-app/internal/repository/interfaces.mock.gen.go:220.89,225.2 4 0
coding-test-11-01-2025-dating-app/internal/repository/interfaces.mock.gen.go:228.92,231.2 2 0
coding-test-11-01-2025-dating-app/internal/repository/profile.go:17.59,19.2 1 0
coding-test-11-01-2025-dating-app/internal/repository/profile.go:21.73,23.2 1 0
coding-test-11-01-2025-dating-app/internal/repository/profile.go:25.90,35.2 3 0
coding-test-11-01-2025-dating-app/internal/repository/repository.go:11.45,13.2 1 0
